// Jest Snapshot v1, https://goo.gl/fbAQLP

exports[`HairLossPage should match snapshots 1`] = `
<div>
  <div
    class="main"
  >
    <main>
      <section
        class="hero-section"
      >
        <div>
          <span
            style="box-sizing: border-box; display: inline-block; overflow: hidden; background: none; opacity: 1; border: 0px; margin: 0px; padding: 0px; position: relative; max-width: 100%;"
          >
            <span
              style="box-sizing: border-box; display: block; background: none; opacity: 1; border: 0px; margin: 0px; padding: 0px; max-width: 100%;"
            >
              <img
                alt=""
                aria-hidden="true"
                src="data:image/svg+xml;base64,PHN2ZyB3aWR0aD0iNDAiIGhlaWdodD0iMzgiIHhtbG5zPSJodHRwOi8vd3d3LnczLm9yZy8yMDAwL3N2ZyIgdmVyc2lvbj0iMS4xIi8+"
                style="display: block; max-width: 100%; background: none; opacity: 1; border: 0px; margin: 0px; padding: 0px;"
              />
            </span>
            <img
              alt="app logo"
              data-nimg="intrinsic"
              decoding="async"
              src="data:image/gif;base64,R0lGODlhAQABAIAAAAAAAP///yH5BAEAAAAALAAAAAABAAEAAAIBRAA7"
              style="position: absolute; top: 0px; left: 0px; bottom: 0px; right: 0px; box-sizing: border-box; padding: 0px; margin: auto; display: block; width: 0px; height: 0px; min-width: 100%; max-width: 100%; min-height: 100%; max-height: 100%;"
            />
            <noscript />
          </span>
        </div>
        <div
          class="head-text"
        >
          <h1>
            Be good to yourself
          </h1>
          <p
            class="hero-paragraph"
          >
            We’re working around the clock to bring you a holistic approach to your wellness. From top to bottom, inside and out.
          </p>
          <button
            class="btn"
          >
            TAKE THE QUIZ
          </button>
        </div>
      </section>
      <section
        class="help-section"
      >
        <h2>
          What can we help with?
        </h2>
        <div
          class="help-item"
        >
          <div
            class="help-item-image"
          >
            <span
              style="box-sizing: border-box; display: inline-block; overflow: hidden; background: none; opacity: 1; border: 0px; margin: 0px; padding: 0px; position: relative; max-width: 100%;"
            >
              <span
                style="box-sizing: border-box; display: block; background: none; opacity: 1; border: 0px; margin: 0px; padding: 0px; max-width: 100%;"
              >
                <img
                  alt=""
                  aria-hidden="true"
                  src="data:image/svg+xml;base64,PHN2ZyB3aWR0aD0iMzcwIiBoZWlnaHQ9IjQ0NSIgeG1sbnM9Imh0dHA6Ly93d3cudzMub3JnLzIwMDAvc3ZnIiB2ZXJzaW9uPSIxLjEiLz4="
                  style="display: block; max-width: 100%; background: none; opacity: 1; border: 0px; margin: 0px; padding: 0px;"
                />
              </span>
              <img
                alt="person with hair loss"
                data-nimg="intrinsic"
                decoding="async"
                src="data:image/gif;base64,R0lGODlhAQABAIAAAAAAAP///yH5BAEAAAAALAAAAAABAAEAAAIBRAA7"
                style="position: absolute; top: 0px; left: 0px; bottom: 0px; right: 0px; box-sizing: border-box; padding: 0px; margin: auto; display: block; width: 0px; height: 0px; min-width: 100%; max-width: 100%; min-height: 100%; max-height: 100%;"
              />
              <noscript />
            </span>
          </div>
          <div
            class="help-item-text"
          >
            <p
              class="help-item-title"
            >
              Hair loss
            </p>
            <h3>
              Hair loss needn’t be irreversible. We can help! 
            </h3>
            <p
              class="help-item-desc"
            >
              We’re working around the clock to bring you a holistic approach to your wellness. From top to bottom, inside and out.
            </p>
            <p
              class="bg-text"
            >
              01
            </p>
          </div>
        </div>
        <div
          class="help-item row-reverse"
        >
          <div
            class="help-item-image image-reverse"
          >
            <span
              style="box-sizing: border-box; display: inline-block; overflow: hidden; background: none; opacity: 1; border: 0px; margin: 0px; padding: 0px; position: relative; max-width: 100%;"
            >
              <span
                style="box-sizing: border-box; display: block; background: none; opacity: 1; border: 0px; margin: 0px; padding: 0px; max-width: 100%;"
              >
                <img
                  alt=""
                  aria-hidden="true"
                  src="data:image/svg+xml;base64,PHN2ZyB3aWR0aD0iMzcwIiBoZWlnaHQ9IjQ0NSIgeG1sbnM9Imh0dHA6Ly93d3cudzMub3JnLzIwMDAvc3ZnIiB2ZXJzaW9uPSIxLjEiLz4="
                  style="display: block; max-width: 100%; background: none; opacity: 1; border: 0px; margin: 0px; padding: 0px;"
                />
              </span>
              <img
                alt="an image showing a person"
                data-nimg="intrinsic"
                decoding="async"
                src="data:image/gif;base64,R0lGODlhAQABAIAAAAAAAP///yH5BAEAAAAALAAAAAABAAEAAAIBRAA7"
                style="position: absolute; top: 0px; left: 0px; bottom: 0px; right: 0px; box-sizing: border-box; padding: 0px; margin: auto; display: block; width: 0px; height: 0px; min-width: 100%; max-width: 100%; min-height: 100%; max-height: 100%;"
              />
              <noscript />
            </span>
          </div>
          <div
            class="help-item-text"
          >
            <p
              class="help-item-title"
            >
              Erecetile dysfunction
            </p>
            <h3>
              Erections can be a tricky thing. But no need to feel down!
            </h3>
            <p
              class="help-item-desc"
            >
              We’re working around the clock to bring you a holistic approach to your wellness. From top to bottom, inside and out.
            </p>
            <p
              class="bg-text bg-text-reverse"
            >
              02
            </p>
          </div>
        </div>
      </section>
    </main>
  </div>
</div>
`;
